// Jest Snapshot v1, https://goo.gl/fbAQLP

exports[`<Posts /> should call handleChange function on each key pressed 1`] = `
<div>
  <input
    class="text-input"
    placeholder="Type your search"
    type="search"
    value=""
  />
</div>
`;

exports[`<Posts /> should mat 1`] = `
<div>
  <input
    class="text-input"
    placeholder="Type your search"
    type="search"
    value=""
  />
</div>
`;

exports[`<Posts /> should match snapshot 1`] = `
<div>
  <input
    class="text-input"
    placeholder="Type your search"
    type="search"
    value=""
  />
</div>
`;
